<html>
<body>
<pre>
<h1>礦ision Build Log</h1>
<h2>Project:</h2>
X:\ShiningView\Project\行驶记录仪\vehicle_recorder\IAP\002.下位机\RT-Thread_1.1.1\bsp\stm32f40x\project.uvproj
Project File Date:  01/08/2014

<h2>Output:</h2>
Build target 'rt-thread_stm32f4xx'
linking...
Program Size: Code=70090 RO-data=3486 RW-data=404 ZI-data=5972  
".\build\rtthread-stm32f4xx.axf" - 0 Error(s), 0 Warning(s).
Load "X:\\ShiningView\\Project\\行驶记录仪\\vehicle_recorder\\IAP\\002.下位机\\RT-Thread_1.1.1\\bsp\\stm32f40x\\build\\rtthread-stm32f4xx.AXF" 
Set JLink Project File to "X:\ShiningView\Project\行驶记录仪\vehicle_recorder\IAP\002.下位机\RT-Thread_1.1.1\bsp\stm32f40x\JLinkSettings.ini"
* JLink Info: Device "STM32F407IG" selected (1024 KB flash, 128 KB RAM).
 
JLink info:
------------
DLL: V4.68a, compiled Apr 12 2013 13:26:50
Firmware: J-Link ARM V8 compiled Jul 17 2013 11:24:15
Hardware: V8.00
S/N : 99999994 
Feature(s) : RDI,FlashDL,FlashBP,JFlash,GDBFULL 
 
* JLink Info: TotalIRLen = 9, IRPrint = 0x0011
* JLink Info: TotalIRLen = 9, IRPrint = 0x0011
* JLink Info: Found Cortex-M4 r0p1, Little endian.
* JLink Info: TPIU fitted.
* JLink Info: ETM fitted.
* JLink Info: FPUnit: 6 code (BP) slots and 2 literal slots
ROMTableAddr = 0xE00FF003
* JLink Info: Found Cortex-M4 r0p1, Little endian.
* JLink Info: TPIU fitted.
* JLink Info: ETM fitted.
* JLink Info: FPUnit: 6 code (BP) slots and 2 literal slots
 
Target info:
------------
Device: STM32F407IG
VTarget = 3.364V
State of Pins: 
TCK: 1, TDI: 0, TDO: 0, TMS: 0, TRES: 1, TRST: 1
Hardware-Breakpoints: 6
Software-Breakpoints: 8192
Watchpoints:          4
JTAG speed: 2000 kHz
 
Erase Done.
Programming Done.
Verify OK.
